[2026-05-07 16:34:42] local.ERROR: could not find driver (Connection: sqlite, Database: /home/leticia/Documentos/sistema-ocorrencias/database/database.sqlite, SQL: select exists (select 1 from "main".sqlite_master where name = 'migrations' and type = 'table') as "exists") {"exception":"[object] (Illuminate\\Database\\QueryException(code: 0): could not find driver (Connection: sqlite, Database: /home/leticia/Documentos/sistema-ocorrencias/database/database.sqlite, SQL: select exists (select 1 from \"main\".sqlite_master where name = 'migrations' and type = 'table') as \"exists\") at /home/leticia/Documentos/sistema-ocorrencias/vendor/laravel/framework/src/Illuminate/Database/Connection.php:838)
[stacktrace]
#0 /home/leticia/Documentos/sistema-ocorrencias/vendor/laravel/framework/src/Illuminate/Database/Connection.php(794): Illuminate\\Database\\Connection->runQueryCallback()
#1 /home/leticia/Documentos/sistema-ocorrencias/vendor/laravel/framework/src/Illuminate/Database/Connection.php(411): Illuminate\\Database\\Connection->run()
#2 /home/leticia/Documentos/sistema-ocorrencias/vendor/laravel/framework/src/Illuminate/Database/Connection.php(357): Illuminate\\Database\\Connection->select()
#3 /home/leticia/Documentos/sistema-ocorrencias/vendor/laravel/framework/src/Illuminate/Database/Connection.php(374): Illuminate\\Database\\Connection->selectOne()
#4 /home/leticia/Documentos/sistema-ocorrencias/vendor/laravel/framework/src/Illuminate/Database/Schema/Builder.php(176): Illuminate\\Database\\Connection->scalar()
#5 /home/leticia/Documentos/sistema-ocorrencias/vendor/laravel/framework/src/Illuminate/Database/Migrations/DatabaseMigrationRepository.php(185): Illuminate\\Database\\Schema\\Builder->hasTable()
#6 /home/leticia/Documentos/sistema-ocorrencias/vendor/laravel/framework/src/Illuminate/Database/Migrations/Migrator.php(758): Illuminate\\Database\\Migrations\\DatabaseMigrationRepository->repositoryExists()
#7 /home/leticia/Documentos/sistema-ocorrencias/vendor/laravel/framework/src/Illuminate/Database/Console/Migrations/MigrateCommand.php(164): Illuminate\\Database\\Migrations\\Migrator->repositoryExists()
#8 /home/leticia/Documentos/sistema-ocorrencias/vendor/laravel/framework/src/Illuminate/Support/helpers.php(328): Illuminate\\Database\\Console\\Migrations\\MigrateCommand->Illuminate\\Database\\Console\\Migrations\\{closure}()
#9 /home/leticia/Documentos/sistema-ocorrencias/vendor/laravel/framework/src/Illuminate/Database/Console/Migrations/MigrateCommand.php(164): retry()
#10 /home/leticia/Documentos/sistema-ocorrencias/vendor/laravel/framework/src/Illuminate/Database/Console/Migrations/MigrateCommand.php(140): Illuminate\\Database\\Console\\Migrations\\MigrateCommand->repositoryExists()
#11 /home/leticia/Documentos/sistema-ocorrencias/vendor/laravel/framework/src/Illuminate/Database/Console/Migrations/MigrateCommand.php(110): Illuminate\\Database\\Console\\Migrations\\MigrateCommand->prepareDatabase()
#12 /home/leticia/Documentos/sistema-ocorrencias/vendor/laravel/framework/src/Illuminate/Database/Migrations/Migrator.php(671): Illuminate\\Database\\Console\\Migrations\\MigrateCommand->Illuminate\\Database\\Console\\Migrations\\{closure}()
#13 /home/leticia/Documentos/sistema-ocorrencias/vendor/laravel/framework/src/Illuminate/Database/Console/Migrations/MigrateCommand.php(109): Illuminate\\Database\\Migrations\\Migrator->usingConnection()
#14 /home/leticia/Documentos/sistema-ocorrencias/vendor/laravel/framework/src/Illuminate/Database/Console/Migrations/MigrateCommand.php(88): Illuminate\\Database\\Console\\Migrations\\MigrateCommand->runMigrations()
#15 /home/leticia/Documentos/sistema-ocorrencias/vendor/laravel/framework/src/Illuminate/Container/BoundMethod.php(36): Illuminate\\Database\\Console\\Migrations\\MigrateCommand->handle()
#16 /home/leticia/Documentos/sistema-ocorrencias/vendor/laravel/framework/src/Illuminate/Container/Util.php(43): Illuminate\\Container\\BoundMethod::Illuminate\\Container\\{closure}()
#17 /home/leticia/Documentos/sistema-ocorrencias/vendor/laravel/framework/src/Illuminate/Container/BoundMethod.php(96): Illuminate\\Container\\Util::unwrapIfClosure()
#18 /home/leticia/Documentos/sistema-ocorrencias/vendor/laravel/framework/src/Illuminate/Container/BoundMethod.php(35): Illuminate\\Container\\BoundMethod::callBoundMethod()
#19 /home/leticia/Documentos/sistema-ocorrencias/vendor/laravel/framework/src/Illuminate/Container/Container.php(799): Illuminate\\Container\\BoundMethod::call()
#20 /home/leticia/Documentos/sistema-ocorrencias/vendor/laravel/framework/src/Illuminate/Console/Command.php(211): Illuminate\\Container\\Container->call()
#21 /home/leticia/Documentos/sistema-ocorrencias/vendor/symfony/console/Command/Command.php(341): Illuminate\\Console\\Command->execute()
#22 /home/leticia/Documentos/sistema-ocorrencias/vendor/laravel/framework/src/Illuminate/Console/Command.php(180): Symfony\\Component\\Console\\Command\\Command->run()
#23 /home/leticia/Documentos/sistema-ocorrencias/vendor/symfony/console/Application.php(1117): Illuminate\\Console\\Command->run()
#24 /home/leticia/Documentos/sistema-ocorrencias/vendor/symfony/console/Application.php(356): Symfony\\Component\\Console\\Application->doRunCommand()
#25 /home/leticia/Documentos/sistema-ocorrencias/vendor/symfony/console/Application.php(195): Symfony\\Component\\Console\\Application->doRun()
#26 /home/leticia/Documentos/sistema-ocorrencias/vendor/laravel/framework/src/Illuminate/Foundation/Console/Kernel.php(198): Symfony\\Component\\Console\\Application->run()
#27 /home/leticia/Documentos/sistema-ocorrencias/vendor/laravel/framework/src/Illuminate/Foundation/Application.php(1235): Illuminate\\Foundation\\Console\\Kernel->handle()
#28 /home/leticia/Documentos/sistema-ocorrencias/artisan(16): Illuminate\\Foundation\\Application->handleCommand()
#29 {main}

[previous exception] [object] (PDOException(code: 0): could not find driver at /home/leticia/Documentos/sistema-ocorrencias/vendor/laravel/framework/src/Illuminate/Database/Connectors/Connector.php:66)
[stacktrace]
#0 /home/leticia/Documentos/sistema-ocorrencias/vendor/laravel/framework/src/Illuminate/Database/Connectors/Connector.php(66): PDO->__construct()
#1 /home/leticia/Documentos/sistema-ocorrencias/vendor/laravel/framework/src/Illuminate/Database/Connectors/Connector.php(44): Illuminate\\Database\\Connectors\\Connector->createPdoConnection()
#2 /home/leticia/Documentos/sistema-ocorrencias/vendor/laravel/framework/src/Illuminate/Database/Connectors/SQLiteConnector.php(21): Illuminate\\Database\\Connectors\\Connector->createConnection()
#3 /home/leticia/Documentos/sistema-ocorrencias/vendor/laravel/framework/src/Illuminate/Database/Connectors/ConnectionFactory.php(225): Illuminate\\Database\\Connectors\\SQLiteConnector->connect()
#4 [internal function]: Illuminate\\Database\\Connectors\\ConnectionFactory->Illuminate\\Database\\Connectors\\{closure}()
#5 /home/leticia/Documentos/sistema-ocorrencias/vendor/laravel/framework/src/Illuminate/Database/Connection.php(1257): call_user_func()
#6 /home/leticia/Documentos/sistema-ocorrencias/vendor/laravel/framework/src/Illuminate/Database/Connection.php(1295): Illuminate\\Database\\Connection->getPdo()
#7 /home/leticia/Documentos/sistema-ocorrencias/vendor/laravel/framework/src/Illuminate/Database/Connection.php(525): Illuminate\\Database\\Connection->getReadPdo()
#8 /home/leticia/Documentos/sistema-ocorrencias/vendor/laravel/framework/src/Illuminate/Database/Connection.php(420): Illuminate\\Database\\Connection->getPdoForSelect()
#9 /home/leticia/Documentos/sistema-ocorrencias/vendor/laravel/framework/src/Illuminate/Database/Connection.php(827): Illuminate\\Database\\Connection->Illuminate\\Database\\{closure}()
#10 /home/leticia/Documentos/sistema-ocorrencias/vendor/laravel/framework/src/Illuminate/Database/Connection.php(794): Illuminate\\Database\\Connection->runQueryCallback()
#11 /home/leticia/Documentos/sistema-ocorrencias/vendor/laravel/framework/src/Illuminate/Database/Connection.php(411): Illuminate\\Database\\Connection->run()
#12 /home/leticia/Documentos/sistema-ocorrencias/vendor/laravel/framework/src/Illuminate/Database/Connection.php(357): Illuminate\\Database\\Connection->select()
#13 /home/leticia/Documentos/sistema-ocorrencias/vendor/laravel/framework/src/Illuminate/Database/Connection.php(374): Illuminate\\Database\\Connection->selectOne()
#14 /home/leticia/Documentos/sistema-ocorrencias/vendor/laravel/framework/src/Illuminate/Database/Schema/Builder.php(176): Illuminate\\Database\\Connection->scalar()
#15 /home/leticia/Documentos/sistema-ocorrencias/vendor/laravel/framework/src/Illuminate/Database/Migrations/DatabaseMigrationRepository.php(185): Illuminate\\Database\\Schema\\Builder->hasTable()
#16 /home/leticia/Documentos/sistema-ocorrencias/vendor/laravel/framework/src/Illuminate/Database/Migrations/Migrator.php(758): Illuminate\\Database\\Migrations\\DatabaseMigrationRepository->repositoryExists()
#17 /home/leticia/Documentos/sistema-ocorrencias/vendor/laravel/framework/src/Illuminate/Database/Console/Migrations/MigrateCommand.php(164): Illuminate\\Database\\Migrations\\Migrator->repositoryExists()
#18 /home/leticia/Documentos/sistema-ocorrencias/vendor/laravel/framework/src/Illuminate/Support/helpers.php(328): Illuminate\\Database\\Console\\Migrations\\MigrateCommand->Illuminate\\Database\\Console\\Migrations\\{closure}()
#19 /home/leticia/Documentos/sistema-ocorrencias/vendor/laravel/framework/src/Illuminate/Database/Console/Migrations/MigrateCommand.php(164): retry()
#20 /home/leticia/Documentos/sistema-ocorrencias/vendor/laravel/framework/src/Illuminate/Database/Console/Migrations/MigrateCommand.php(140): Illuminate\\Database\\Console\\Migrations\\MigrateCommand->repositoryExists()
#21 /home/leticia/Documentos/sistema-ocorrencias/vendor/laravel/framework/src/Illuminate/Database/Console/Migrations/MigrateCommand.php(110): Illuminate\\Database\\Console\\Migrations\\MigrateCommand->prepareDatabase()
#22 /home/leticia/Documentos/sistema-ocorrencias/vendor/laravel/framework/src/Illuminate/Database/Migrations/Migrator.php(671): Illuminate\\Database\\Console\\Migrations\\MigrateCommand->Illuminate\\Database\\Console\\Migrations\\{closure}()
#23 /home/leticia/Documentos/sistema-ocorrencias/vendor/laravel/framework/src/Illuminate/Database/Console/Migrations/MigrateCommand.php(109): Illuminate\\Database\\Migrations\\Migrator->usingConnection()
#24 /home/leticia/Documentos/sistema-ocorrencias/vendor/laravel/framework/src/Illuminate/Database/Console/Migrations/MigrateCommand.php(88): Illuminate\\Database\\Console\\Migrations\\MigrateCommand->runMigrations()
#25 /home/leticia/Documentos/sistema-ocorrencias/vendor/laravel/framework/src/Illuminate/Container/BoundMethod.php(36): Illuminate\\Database\\Console\\Migrations\\MigrateCommand->handle()
#26 /home/leticia/Documentos/sistema-ocorrencias/vendor/laravel/framework/src/Illuminate/Container/Util.php(43): Illuminate\\Container\\BoundMethod::Illuminate\\Container\\{closure}()
#27 /home/leticia/Documentos/sistema-ocorrencias/vendor/laravel/framework/src/Illuminate/Container/BoundMethod.php(96): Illuminate\\Container\\Util::unwrapIfClosure()
#28 /home/leticia/Documentos/sistema-ocorrencias/vendor/laravel/framework/src/Illuminate/Container/BoundMethod.php(35): Illuminate\\Container\\BoundMethod::callBoundMethod()
#29 /home/leticia/Documentos/sistema-ocorrencias/vendor/laravel/framework/src/Illuminate/Container/Container.php(799): Illuminate\\Container\\BoundMethod::call()
#30 /home/leticia/Documentos/sistema-ocorrencias/vendor/laravel/framework/src/Illuminate/Console/Command.php(211): Illuminate\\Container\\Container->call()
#31 /home/leticia/Documentos/sistema-ocorrencias/vendor/symfony/console/Command/Command.php(341): Illuminate\\Console\\Command->execute()
#32 /home/leticia/Documentos/sistema-ocorrencias/vendor/laravel/framework/src/Illuminate/Console/Command.php(180): Symfony\\Component\\Console\\Command\\Command->run()
#33 /home/leticia/Documentos/sistema-ocorrencias/vendor/symfony/console/Application.php(1117): Illuminate\\Console\\Command->run()
#34 /home/leticia/Documentos/sistema-ocorrencias/vendor/symfony/console/Application.php(356): Symfony\\Component\\Console\\Application->doRunCommand()
#35 /home/leticia/Documentos/sistema-ocorrencias/vendor/symfony/console/Application.php(195): Symfony\\Component\\Console\\Application->doRun()
#36 /home/leticia/Documentos/sistema-ocorrencias/vendor/laravel/framework/src/Illuminate/Foundation/Console/Kernel.php(198): Symfony\\Component\\Console\\Application->run()
#37 /home/leticia/Documentos/sistema-ocorrencias/vendor/laravel/framework/src/Illuminate/Foundation/Application.php(1235): Illuminate\\Foundation\\Console\\Kernel->handle()
#38 /home/leticia/Documentos/sistema-ocorrencias/artisan(16): Illuminate\\Foundation\\Application->handleCommand()
#39 {main}
"} 
[2026-05-07 16:38:39] local.ERROR: Call to undefined method ReflectionFunction::isAnonymous() {"exception":"[object] (Error(code: 0): Call to undefined method ReflectionFunction::isAnonymous() at /home/leticia/Documentos/sistema-ocorrencias/vendor/laravel/framework/src/Illuminate/Container/Container.php:817)
[stacktrace]
#0 /home/leticia/Documentos/sistema-ocorrencias/vendor/laravel/framework/src/Illuminate/Container/Container.php(789): Illuminate\\Container\\Container->getClassForCallable()
#1 /home/leticia/Documentos/sistema-ocorrencias/vendor/laravel/framework/src/Illuminate/Foundation/Application.php(1151): Illuminate\\Container\\Container->call()
#2 /home/leticia/Documentos/sistema-ocorrencias/vendor/laravel/framework/src/Illuminate/Foundation/Application.php(1132): Illuminate\\Foundation\\Application->bootProvider()
#3 [internal function]: Illuminate\\Foundation\\Application->Illuminate\\Foundation\\{closure}()
#4 /home/leticia/Documentos/sistema-ocorrencias/vendor/laravel/framework/src/Illuminate/Foundation/Application.php(1133): array_walk()
#5 /home/leticia/Documentos/sistema-ocorrencias/vendor/laravel/framework/src/Illuminate/Foundation/Bootstrap/BootProviders.php(17): Illuminate\\Foundation\\Application->boot()
#6 /home/leticia/Documentos/sistema-ocorrencias/vendor/laravel/framework/src/Illuminate/Foundation/Application.php(342): Illuminate\\Foundation\\Bootstrap\\BootProviders->bootstrap()
#7 /home/leticia/Documentos/sistema-ocorrencias/vendor/laravel/framework/src/Illuminate/Foundation/Console/Kernel.php(494): Illuminate\\Foundation\\Application->bootstrapWith()
#8 /home/leticia/Documentos/sistema-ocorrencias/vendor/laravel/framework/src/Illuminate/Foundation/Console/Kernel.php(196): Illuminate\\Foundation\\Console\\Kernel->bootstrap()
#9 /home/leticia/Documentos/sistema-ocorrencias/vendor/laravel/framework/src/Illuminate/Foundation/Application.php(1237): Illuminate\\Foundation\\Console\\Kernel->handle()
#10 /home/leticia/Documentos/sistema-ocorrencias/artisan(16): Illuminate\\Foundation\\Application->handleCommand()
#11 {main}
"} 
[2026-05-07 16:38:39] local.ERROR: Call to undefined method ReflectionFunction::isAnonymous() {"exception":"[object] (Error(code: 0): Call to undefined method ReflectionFunction::isAnonymous() at /home/leticia/Documentos/sistema-ocorrencias/vendor/laravel/framework/src/Illuminate/Container/Container.php:817)
[stacktrace]
#0 /home/leticia/Documentos/sistema-ocorrencias/vendor/laravel/framework/src/Illuminate/Container/Container.php(789): Illuminate\\Container\\Container->getClassForCallable()
#1 /home/leticia/Documentos/sistema-ocorrencias/vendor/laravel/framework/src/Illuminate/Foundation/Application.php(1466): Illuminate\\Container\\Container->call()
#2 /home/leticia/Documentos/sistema-ocorrencias/vendor/laravel/framework/src/Illuminate/Foundation/Console/Kernel.php(219): Illuminate\\Foundation\\Application->terminate()
#3 /home/leticia/Documentos/sistema-ocorrencias/vendor/laravel/framework/src/Illuminate/Foundation/Application.php(1240): Illuminate\\Foundation\\Console\\Kernel->terminate()
#4 /home/leticia/Documentos/sistema-ocorrencias/artisan(16): Illuminate\\Foundation\\Application->handleCommand()
#5 {main}
"} 
[2026-05-07 16:51:28] local.ERROR: Class "DOMDocument" not found {"exception":"[object] (Error(code: 0): Class \"DOMDocument\" not found at /home/leticia/Documentos/sistema-ocorrencias/vendor/nunomaduro/termwind/src/HtmlRenderer.php:32)
[stacktrace]
#0 /home/leticia/Documentos/sistema-ocorrencias/vendor/nunomaduro/termwind/src/HtmlRenderer.php(24): Termwind\\HtmlRenderer->parse()
#1 /home/leticia/Documentos/sistema-ocorrencias/vendor/nunomaduro/termwind/src/Functions.php(41): Termwind\\HtmlRenderer->render()
#2 /home/leticia/Documentos/sistema-ocorrencias/vendor/laravel/framework/src/Illuminate/Console/View/Components/Component.php(51): Termwind\\render()
#3 /home/leticia/Documentos/sistema-ocorrencias/vendor/laravel/framework/src/Illuminate/Console/View/Components/Line.php(54): Illuminate\\Console\\View\\Components\\Component->renderView()
#4 /home/leticia/Documentos/sistema-ocorrencias/vendor/laravel/framework/src/Illuminate/Console/View/Components/Info.php(18): Illuminate\\Console\\View\\Components\\Line->render()
#5 /home/leticia/Documentos/sistema-ocorrencias/vendor/laravel/framework/src/Illuminate/Console/View/Components/Factory.php(59): Illuminate\\Console\\View\\Components\\Info->render()
#6 /home/leticia/Documentos/sistema-ocorrencias/vendor/laravel/framework/src/Illuminate/Foundation/Console/ServeCommand.php(319): Illuminate\\Console\\View\\Components\\Factory->__call()
#7 /home/leticia/Documentos/sistema-ocorrencias/vendor/laravel/framework/src/Illuminate/Collections/Traits/EnumeratesValues.php(275): Illuminate\\Foundation\\Console\\ServeCommand->Illuminate\\Foundation\\Console\\{closure}()
#8 /home/leticia/Documentos/sistema-ocorrencias/vendor/laravel/framework/src/Illuminate/Foundation/Console/ServeCommand.php(314): Illuminate\\Support\\Collection->each()
#9 /home/leticia/Documentos/sistema-ocorrencias/vendor/laravel/framework/src/Illuminate/Foundation/Console/ServeCommand.php(296): Illuminate\\Foundation\\Console\\ServeCommand->flushOutputBuffer()
#10 /home/leticia/Documentos/sistema-ocorrencias/vendor/symfony/process/Process.php(1340): Illuminate\\Foundation\\Console\\ServeCommand->Illuminate\\Foundation\\Console\\{closure}()
#11 /home/leticia/Documentos/sistema-ocorrencias/vendor/symfony/process/Process.php(1440): Symfony\\Component\\Process\\Process->Symfony\\Component\\Process\\{closure}()
#12 /home/leticia/Documentos/sistema-ocorrencias/vendor/symfony/process/Process.php(1360): Symfony\\Component\\Process\\Process->readPipes()
#13 /home/leticia/Documentos/sistema-ocorrencias/vendor/symfony/process/Process.php(895): Symfony\\Component\\Process\\Process->updateStatus()
#14 /home/leticia/Documentos/sistema-ocorrencias/vendor/laravel/framework/src/Illuminate/Foundation/Console/ServeCommand.php(140): Symfony\\Component\\Process\\Process->isRunning()
#15 /home/leticia/Documentos/sistema-ocorrencias/vendor/laravel/framework/src/Illuminate/Container/BoundMethod.php(36): Illuminate\\Foundation\\Console\\ServeCommand->handle()
#16 /home/leticia/Documentos/sistema-ocorrencias/vendor/laravel/framework/src/Illuminate/Container/Util.php(43): Illuminate\\Container\\BoundMethod::Illuminate\\Container\\{closure}()
#17 /home/leticia/Documentos/sistema-ocorrencias/vendor/laravel/framework/src/Illuminate/Container/BoundMethod.php(96): Illuminate\\Container\\Util::unwrapIfClosure()
#18 /home/leticia/Documentos/sistema-ocorrencias/vendor/laravel/framework/src/Illuminate/Container/BoundMethod.php(35): Illuminate\\Container\\BoundMethod::callBoundMethod()
#19 /home/leticia/Documentos/sistema-ocorrencias/vendor/laravel/framework/src/Illuminate/Container/Container.php(799): Illuminate\\Container\\BoundMethod::call()
#20 /home/leticia/Documentos/sistema-ocorrencias/vendor/laravel/framework/src/Illuminate/Console/Command.php(211): Illuminate\\Container\\Container->call()
#21 /home/leticia/Documentos/sistema-ocorrencias/vendor/symfony/console/Command/Command.php(341): Illuminate\\Console\\Command->execute()
#22 /home/leticia/Documentos/sistema-ocorrencias/vendor/laravel/framework/src/Illuminate/Console/Command.php(180): Symfony\\Component\\Console\\Command\\Command->run()
#23 /home/leticia/Documentos/sistema-ocorrencias/vendor/symfony/console/Application.php(1117): Illuminate\\Console\\Command->run()
#24 /home/leticia/Documentos/sistema-ocorrencias/vendor/symfony/console/Application.php(356): Symfony\\Component\\Console\\Application->doRunCommand()
#25 /home/leticia/Documentos/sistema-ocorrencias/vendor/symfony/console/Application.php(195): Symfony\\Component\\Console\\Application->doRun()
#26 /home/leticia/Documentos/sistema-ocorrencias/vendor/laravel/framework/src/Illuminate/Foundation/Console/Kernel.php(198): Symfony\\Component\\Console\\Application->run()
#27 /home/leticia/Documentos/sistema-ocorrencias/vendor/laravel/framework/src/Illuminate/Foundation/Application.php(1235): Illuminate\\Foundation\\Console\\Kernel->handle()
#28 /home/leticia/Documentos/sistema-ocorrencias/artisan(16): Illuminate\\Foundation\\Application->handleCommand()
#29 {main}
"} 
[2026-05-08 01:10:20] local.ERROR: There are no commands defined in the "sail" namespace. {"exception":"[object] (Symfony\\Component\\Console\\Exception\\NamespaceNotFoundException(code: 0): There are no commands defined in the \"sail\" namespace. at /home/leticia/Documentos/sistema_ocorrenciasv2_1/vendor/symfony/console/Application.php:694)
[stacktrace]
#0 /home/leticia/Documentos/sistema_ocorrenciasv2_1/vendor/symfony/console/Application.php(743): Symfony\\Component\\Console\\Application->findNamespace()
#1 /home/leticia/Documentos/sistema_ocorrenciasv2_1/vendor/symfony/console/Application.php(298): Symfony\\Component\\Console\\Application->find()
#2 /home/leticia/Documentos/sistema_ocorrenciasv2_1/vendor/symfony/console/Application.php(195): Symfony\\Component\\Console\\Application->doRun()
#3 /home/leticia/Documentos/sistema_ocorrenciasv2_1/vendor/laravel/framework/src/Illuminate/Foundation/Console/Kernel.php(198): Symfony\\Component\\Console\\Application->run()
#4 /home/leticia/Documentos/sistema_ocorrenciasv2_1/vendor/laravel/framework/src/Illuminate/Foundation/Application.php(1235): Illuminate\\Foundation\\Console\\Kernel->handle()
#5 /home/leticia/Documentos/sistema_ocorrenciasv2_1/artisan(16): Illuminate\\Foundation\\Application->handleCommand()
#6 {main}
"} 
